[INFO] Scanning for projects...
[INFO] 
[INFO] -----------------------< com.example:StockTalk >------------------------
[INFO] Building StockTalk 0.0.1-SNAPSHOT
[INFO]   from pom.xml
[INFO] --------------------------------[ jar ]---------------------------------
[INFO] 
[INFO] --- resources:3.5.0:resources (default-resources) @ StockTalk ---
[INFO] Copying 1 resource from src\main\resources to target\classes
[INFO] Copying 9 resources from src\main\resources to target\classes
[INFO] 
[INFO] --- compiler:3.15.0:compile (default-compile) @ StockTalk ---
[INFO] Recompiling the module because of added or removed source files.
[INFO] Compiling 38 source files with javac [debug parameters release 21] to target\classes
[INFO] /C:/Users/USER/Documents/Ureca-Spring/StockTalk/src/main/java/com/mycom/myapp/config/StockAPIClient.java: C:\Users\USER\Documents\Ureca-Spring\StockTalk\src\main\java\com\mycom\myapp\config\StockAPIClient.java uses or overrides a deprecated API.
[INFO] /C:/Users/USER/Documents/Ureca-Spring/StockTalk/src/main/java/com/mycom/myapp/config/StockAPIClient.java: Recompile with -Xlint:deprecation for details.
[INFO] 
[INFO] --- resources:3.5.0:testResources (default-testResources) @ StockTalk ---
[INFO] skip non existing resourceDirectory C:\Users\USER\Documents\Ureca-Spring\StockTalk\src\test\resources
[INFO] 
[INFO] --- compiler:3.15.0:testCompile (default-testCompile) @ StockTalk ---
[INFO] Recompiling the module because of changed dependency.
[INFO] Compiling 1 source file with javac [debug parameters release 21] to target\test-classes
[INFO] 
[INFO] --- surefire:3.5.6:test (default-test) @ StockTalk ---
[INFO] Tests are skipped.
[INFO] 
[INFO] --- jar:3.5.0:jar (default-jar) @ StockTalk ---
[INFO] Building jar: C:\Users\USER\Documents\Ureca-Spring\StockTalk\target\StockTalk-0.0.1-SNAPSHOT.jar
[INFO] 
[INFO] --- spring-boot:4.1.0:repackage (repackage) @ StockTalk ---
[INFO] Replacing main artifact C:\Users\USER\Documents\Ureca-Spring\StockTalk\target\StockTalk-0.0.1-SNAPSHOT.jar with repackaged archive, adding nested dependencies in BOOT-INF/.
[INFO] The original artifact has been renamed to C:\Users\USER\Documents\Ureca-Spring\StockTalk\target\StockTalk-0.0.1-SNAPSHOT.jar.original
[INFO] ------------------------------------------------------------------------
[INFO] BUILD SUCCESS
[INFO] ------------------------------------------------------------------------
[INFO] Total time:  16.680 s
[INFO] Finished at: 2026-06-23T16:40:23+09:00
[INFO] ------------------------------------------------------------------------
